# Test:	TestMakeVirtualService/same_path_length
# routeBindings:
# - destination:
#     port: 80
#     serviceName: should-be-first
#     weight: 1
#   source:
#     domain: example.com/
#     hostname: some-host
#     path: /bar
# - destination:
#     port: 80
#     serviceName: should-be-second
#     weight: 1
#   source:
#     domain: example.com/
#     hostname: some-host
#     path: /foo
# routeServiceBindings: null
# routes:
# - metadata:
#     creationTimestamp: null
#     name: fake-route-some-host-example-co2fd2ce2fb0543e068dd390adcccb2253
#     namespace: some-namespace
#   spec:
#     domain: example.com/
#     hostname: some-host
#     path: /bar
#   status:
#     routeService: {}
#     virtualservice: {}
# - metadata:
#     creationTimestamp: null
#     name: fake-route-some-host-example-coef8109951b806c4f24e6c7a8444904d0
#     namespace: some-namespace
#   spec:
#     domain: example.com/
#     hostname: some-host
#     path: /foo
#   status:
#     routeService: {}
#     virtualservice: {}
# spaceDomain:
#   domain: example.com
#   gatewayName: kf/some-gateway

{
    "kind": "VirtualService",
    "apiVersion": "networking.istio.io/v1alpha3",
    "metadata": {
        "name": "example-com617a9471507f0eb608f3858291adb70f",
        "namespace": "some-namespace",
        "creationTimestamp": null,
        "labels": {
            "app.kubernetes.io/component": "virtualservice",
            "app.kubernetes.io/managed-by": "kf"
        },
        "annotations": {
            "kf.dev/domain": "example.com/"
        },
        "ownerReferences": [
            {
                "apiVersion": "kf.dev/v1alpha1",
                "kind": "Route",
                "name": "fake-route-some-host-example-co2fd2ce2fb0543e068dd390adcccb2253",
                "uid": ""
            },
            {
                "apiVersion": "kf.dev/v1alpha1",
                "kind": "Route",
                "name": "fake-route-some-host-example-coef8109951b806c4f24e6c7a8444904d0",
                "uid": ""
            }
        ]
    },
    "spec": {
        "hosts": [
            "*.example.com/",
            "example.com/"
        ],
        "gateways": [
            "kf/some-gateway"
        ],
        "http": [
            {
                "match": [
                    {
                        "uri": {
                            "regex": "^/bar(/.*)?"
                        },
                        "authority": {
                            "exact": "some-host.example.com/"
                        },
                        "headers": {
                            "x-kf-app": {
                                "exact": "should-be-first"
                            }
                        }
                    }
                ],
                "route": [
                    {
                        "destination": {
                            "host": "should-be-first",
                            "port": {
                                "number": 80
                            }
                        },
                        "weight": 100
                    }
                ]
            },
            {
                "match": [
                    {
                        "uri": {
                            "regex": "^/bar(/.*)?"
                        },
                        "authority": {
                            "exact": "some-host.example.com/"
                        }
                    }
                ],
                "route": [
                    {
                        "destination": {
                            "host": "should-be-first",
                            "port": {
                                "number": 80
                            }
                        },
                        "weight": 100
                    }
                ]
            },
            {
                "match": [
                    {
                        "uri": {
                            "regex": "^/foo(/.*)?"
                        },
                        "authority": {
                            "exact": "some-host.example.com/"
                        },
                        "headers": {
                            "x-kf-app": {
                                "exact": "should-be-second"
                            }
                        }
                    }
                ],
                "route": [
                    {
                        "destination": {
                            "host": "should-be-second",
                            "port": {
                                "number": 80
                            }
                        },
                        "weight": 100
                    }
                ]
            },
            {
                "match": [
                    {
                        "uri": {
                            "regex": "^/foo(/.*)?"
                        },
                        "authority": {
                            "exact": "some-host.example.com/"
                        }
                    }
                ],
                "route": [
                    {
                        "destination": {
                            "host": "should-be-second",
                            "port": {
                                "number": 80
                            }
                        },
                        "weight": 100
                    }
                ]
            }
        ]
    }
}