# Test:	TestBuildStatus_PropagateBuildStatus/completed
# TaskRun:
#   metadata:
#     creationTimestamp: null
#     name: some-build-name
#   spec:
#     serviceAccountName: ""
#   status:
#     completionTime: "1970-01-01T00:16:40Z"
#     conditions:
#     - lastTransitionTime: null
#       status: "True"
#       type: Succeeded
#     podName: ""
#     startTime: "1970-01-01T00:00:00Z"
#     taskResults:
#     - name: DESTINATION_IMAGE
#       value: some-container-image

{
    "conditions": [
        {
            "type": "Succeeded",
            "status": "Unknown",
            "lastTransitionTime": null
        },
        {
            "type": "TaskRunReady",
            "status": "True",
            "lastTransitionTime": null
        }
    ],
    "image": "some-container-image",
    "buildName": "some-build-name",
    "startTime": "1970-01-01T00:00:00Z",
    "completionTime": "1970-01-01T00:16:40Z",
    "duration": "16m40s"
}