# Test:	TestBuildStatus_PropagateBuildStatus/failed
# TaskRun:
#   metadata:
#     creationTimestamp: null
#     name: some-build-name
#   spec:
#     serviceAccountName: ""
#   status:
#     completionTime: "1970-01-01T00:16:40Z"
#     conditions:
#     - lastTransitionTime: null
#       status: "False"
#       type: Succeeded
#     podName: ""
#     startTime: "1970-01-01T00:00:00Z"

{
    "conditions": [
        {
            "type": "Succeeded",
            "status": "False",
            "lastTransitionTime": null
        },
        {
            "type": "TaskRunReady",
            "status": "False",
            "lastTransitionTime": null
        }
    ],
    "buildName": "some-build-name",
    "startTime": "1970-01-01T00:00:00Z",
    "completionTime": "1970-01-01T00:16:40Z",
    "duration": "16m40s"
}